2025-06-10 21:14:32,834 - INFO - Running PubMed search...
2025-06-10 21:14:34,981 - INFO - Found 200 PMIDs: ['34043953', '37486660', '31977782', '30553051', '29395268', '26433807', '33602781', '33558990', '28945614', '26819135', '31259840', '12196857', '37244457', '28990981', '39098777', '26333643', '36704854', '33541584', '30664840', '32841628', '37953272', '28674846', '27212092', '33573782', '34567342', '36729949', '30273584', '32627156', '37604701', '31425173', '29393042', '21598411', '31471403', '26048151', '38553369', '33348415', '35924355', '26333632', '36882975', '33035242', '39098778', '31821921', '20661038', '31056132', '34952793', '31051299', '35878405', '30421184', '34651559', '10024155', '29852154', '11176228', '33038302', '29273337', '38801933', '33093424', '25857571', '35853832', '26942370', '36321212', '32133183', '27461160', '28599897', '34756293', '34242823', '17099337', '33228642', '31378295', '26823180', '37437693', '1923179', '32101068', '29408754', '34773390', '39187722', '39571924', '30696555', '27465297', '38666712', '38627197', '18319131', '33908613', '30303903', '33546638', '38547580', '24126787', '34478575', '36373177', '39054061', '39589187', '32813436', '33481530', '31378289', '9326756', '31154017', '30935754', '26333631', '16293072', '14644804', '35831757', '31677758', '14603140', '27129745', '26059737', '25175693', '33655930', '31344004', '37874378', '26333636', '31923056', '24890681', '29138033', '36574875', '11496162', '1923180', '12610674', '28649036', '35309222', '25769435', '27371550', '15842294', '16301716', '34492607', '24210444', '33395173', '12235439', '31415246', '35293613', '30095489', '29341103', '20840245', '27636218', '27521885', '34862919', '26333638', '22039885', '12719675', '36633677', '34689787', '36047427', '23750657', '27504948', '27723405', '31131102', '12520858', '20966751', '30826159', '28532631', '29266079', '25568998', '29533589', '35180995', '18981793', '22918680', '33399427', '31285653', '26855110', '9690154', '36223862', '33425332', '34294570', '29653261', '15887609', '36941138', '34353570', '17765494', '38267130', '25615599', '20451461', '38553049', '21823841', '32559793', '30267653', '30482716', '39013327', '34624738', '30385101', '36652456', '22088234', '31856126', '30243685', '39360756', '21187195', '20195953', '32337878', '9447356', '38881535', '27314031', '16731070', '31856121', '32969850', '29734453', '39084182', '9290436', '16919178', '32912727', '36108448', '37584099', '29921434', '25580809']
2025-06-10 21:14:39,895 - WARNING - No license was found for DOI 10.1136/bcr-2020-241533 (OA: True)
2025-06-10 21:14:42,001 - WARNING - DOI not provided.
2025-06-10 21:14:44,968 - WARNING - No license was found for DOI 10.1053/j.sult.2020.09.004 (OA: True)
2025-06-10 21:14:50,075 - WARNING - No license was found for DOI 10.5603/GP.2020.0064 (OA: True)
2025-06-10 21:14:50,598 - WARNING - No license was found for DOI 10.1111/1471-0528.17637 (OA: True)
2025-06-10 21:14:51,229 - WARNING - DOI not provided.
2025-06-10 21:14:52,154 - WARNING - No license was found for DOI 10.21873/invivo.11635 (OA: True)
2025-06-10 21:15:01,303 - WARNING - No license was found for DOI 10.1016/j.ajog.2018.05.020 (OA: True)
2025-06-10 21:15:02,337 - WARNING - No license was found for DOI 10.1016/j.ajog.2020.10.006 (OA: True)
2025-06-10 21:15:04,899 - WARNING - HTTP Error 404 when querying Unpaywall API for DOI 10.34763/jmotherandchild.20222601.d-22-00006
2025-06-10 21:15:11,081 - WARNING - DOI not provided.
2025-06-10 21:15:26,301 - WARNING - DOI not provided.
2025-06-10 21:15:32,525 - WARNING - DOI not provided.
2025-06-10 21:15:34,940 - WARNING - No license was found for DOI 10.1093/heapol/czw078 (OA: True)
2025-06-10 21:15:44,740 - WARNING - No license was found for DOI 10.1007/s00404-022-06847-z (OA: True)
2025-06-10 21:15:45,789 - WARNING - No license was found for DOI 10.11152/mu-3845 (OA: True)
2025-06-10 21:15:46,314 - WARNING - No license was found for DOI 10.1111/1471-0528.12289 (OA: True)
2025-06-10 21:15:46,854 - WARNING - No license was found for DOI 10.5603/GP.2016.0039 (OA: True)
2025-06-10 21:15:50,947 - WARNING - No license was found for DOI 10.1097/AOG.0000000000000628 (OA: True)
2025-06-10 21:15:51,049 - WARNING - DOI not provided.
2025-06-10 21:15:54,064 - WARNING - DOI not provided.
2025-06-10 21:15:54,982 - WARNING - HTTP Error 404 when querying Unpaywall API for DOI 10.7189/jogh.10.021008
2025-06-10 21:15:56,107 - WARNING - DOI not provided.
2025-06-10 21:15:56,530 - WARNING - No license was found for DOI 10.1016/j.jsurg.2023.02.014 (OA: True)
2025-06-10 21:16:01,659 - WARNING - No license was found for DOI 10.1016/j.ijoa.2018.08.011 (OA: True)
2025-06-10 21:16:06,211 - WARNING - No license was found for DOI 10.1016/j.ajog.2010.11.001 (OA: True)
2025-06-10 21:16:09,257 - WARNING - No license was found for DOI 10.1016/j.ajog.2005.06.062 (OA: True)
2025-06-10 21:16:15,050 - INFO - Processed 200 articles successfully.
2025-06-10 22:15:13,989 - INFO - TESTING MODE: Using predefined TEST_PMIDS: ['19935896', '20301370', '17210923', '21751905', '31935350', '27876620', '30002289']
2025-06-10 22:15:14,853 - INFO - Top-level keys in fetched XML data: ['PubmedArticle', 'PubmedBookArticle']
2025-06-10 22:15:14,853 - INFO - Found 1 PubmedBookArticle entries. Processing if in TEST_PMIDS.
2025-06-10 22:15:14,853 - INFO - --- Investigating PubmedBookArticle (Test PMID): 20301370 ---
2025-06-10 22:15:14,853 - INFO - Original PublicationTypes (Book): 
2025-06-10 22:15:14,853 - INFO - MappedArticleTypes (Book): Books and Documents
2025-06-10 22:15:14,869 - INFO - --------------------------------------
2025-06-10 22:15:15,439 - INFO - --- Verification for PMID: 19935896 ---
2025-06-10 22:15:15,441 - INFO - Original PublicationTypes: Comparative Study; Journal Article; Research Support, Non-U.S. Gov't
2025-06-10 22:15:15,441 - INFO - MappedArticleTypes: Observational Study
2025-06-10 22:15:15,441 - INFO - --------------------------------------
2025-06-10 22:15:15,844 - WARNING - No license was found for DOI 10.1369/jhc.6A7075.2007 (OA: True)
2025-06-10 22:15:15,954 - INFO - --- Verification for PMID: 17210923 ---
2025-06-10 22:15:15,954 - INFO - Original PublicationTypes: Journal Article; Research Support, N.I.H., Intramural
2025-06-10 22:15:15,954 - INFO - MappedArticleTypes: 
2025-06-10 22:15:15,954 - INFO - --------------------------------------
2025-06-10 22:15:16,368 - WARNING - No license was found for DOI 10.1056/NEJMoa1103319 (OA: True)
2025-06-10 22:15:16,469 - INFO - --- Verification for PMID: 21751905 ---
2025-06-10 22:15:16,469 - INFO - Original PublicationTypes: Comparative Study; Journal Article; Randomized Controlled Trial; Research Support, N.I.H., Extramural
2025-06-10 22:15:16,469 - INFO - MappedArticleTypes: Clinical Trial; Observational Study; Randomized Controlled Trial
2025-06-10 22:15:16,469 - INFO - --------------------------------------
2025-06-10 22:15:16,987 - INFO - --- Verification for PMID: 31935350 ---
2025-06-10 22:15:16,987 - INFO - Original PublicationTypes: Case Reports; Journal Article; Review
2025-06-10 22:15:16,987 - INFO - MappedArticleTypes: Case Reports; Review
2025-06-10 22:15:16,987 - INFO - --------------------------------------
2025-06-10 22:15:17,506 - INFO - --- Verification for PMID: 27876620 ---
2025-06-10 22:15:17,506 - INFO - Original PublicationTypes: Journal Article
2025-06-10 22:15:17,506 - INFO - MappedArticleTypes: 
2025-06-10 22:15:17,510 - INFO - --------------------------------------
2025-06-10 22:15:18,032 - INFO - --- Verification for PMID: 30002289 ---
2025-06-10 22:15:18,032 - INFO - Original PublicationTypes: Journal Article
2025-06-10 22:15:18,032 - INFO - MappedArticleTypes: 
2025-06-10 22:15:18,032 - INFO - --------------------------------------
2025-06-10 22:15:18,054 - INFO - Processed 6 articles successfully.
2025-06-10 22:30:52,046 - INFO - Running PubMed search...
2025-06-10 22:30:53,576 - INFO - Found 200 PMIDs: ['33160400', '33399844', '38054591', '29246562', '38574740', '33475057', '32203403', '21524318', '34689057', '37455149', '35553666', '37274062', '38177426', '37266801', '32185530', '37378711', '39891014', '27979414', '31986085', '34748774', '35944832', '37505446', '9416001', '7532057', '33612289', '33262481', '7950912', '37724596', '31161823', '3126028', '38232478', '36152897', '32416212', '39126102', '38720886', '28630024', '39907869', '26826523', '28597827', '38475672', '29920595', '24481050', '38627168', '34214847', '21564424', '28429201', '12739326', '27548692', '38928032', '24696600', '30111884', '32022251', '33940443', '38217849', '23740659', '24840000', '26588089', '38346385', '27312790', '34624437', '38732588', '38106420', '8255623', '28339136', '32530750', '33899777', '39249143', '8732306', '25760898', '23576654', '24264775', '22942239', '29453848', '32164696', '40061590', '30024302', '35945034', '24041379', '33370548', '33179617', '31448080', '27493449', '35553661', '25807184', '39772947', '33905214', '22202115', '37598662', '22236434', '21530742', '38296115', '22375527', '19568370', '38324177', '8899105', '29429045', '39743022', '9917860', '39521604', '25917632', '21237515', '11694562', '33150989', '29130415', '1292471', '33723700', '23840137', '33394234', '20540703', '23090001', '33426097', '27914457', '22115827', '8111307', '35427495', '31628665', '22017698', '25110409', '28420941', '17007011', '15980273', '36967304', '22215058', '22463931', '33155879', '11890354', '35830035', '23965717', '31327400', '24246982', '38341192', '37686309', '26209885', '38308773', '26229413', '37010030', '31278016', '26521776', '9682668', '19647472', '12570822', '32124197', '32765502', '37457731', '25838639', '8401258', '27334537', '31327402', '36976735', '1935537', '15667551', '27417569', '23114581', '23873428', '21175228', '36794974', '34379220', '33919747', '25594638', '23139600', '20100080', '25958300', '1307488', '16441465', '37219801', '38491943', '10775279', '36515348', '20076977', '21128900', '25366845', '27895418', '26515897', '34905282', '10483899', '29903546', '10453341', '21931225', '32056142', '29018026', '16985094', '23945182', '23749336', '25595916', '26457380', '25710546', '8809240', '34704127', '20610798', '38569774', '32078699', '9785361', '19707151', '25713992', '1535352', '8765427', '24394691', '30166855', '11966492', '17464554']
2025-06-10 22:30:57,202 - WARNING - No license was found for DOI 10.1001/jama.2020.18936 (OA: True)
2025-06-10 22:30:59,826 - WARNING - DOI not provided.
2025-06-10 22:31:03,777 - WARNING - No license was found for DOI 10.1007/s10620-023-08014-z (OA: True)
2025-06-10 22:31:09,885 - WARNING - No license was found for DOI 10.1093/cei/uxad108 (OA: True)
2025-06-10 22:31:15,555 - WARNING - No license was found for DOI 10.3238/arztebl.2017.0331 (OA: True)
2025-06-10 22:31:17,058 - WARNING - No license was found for DOI 10.1097/01.MIB.0000442014.52661.20 (OA: True)
2025-06-10 22:31:18,609 - WARNING - No license was found for DOI 10.1111/j.1601-0825.2011.01811.x (OA: True)
2025-06-10 22:31:24,722 - WARNING - No license was found for DOI 10.1097/MIB.0000000000000598 (OA: True)
2025-06-10 22:31:28,255 - WARNING - No license was found for DOI 10.1111/pai.12715 (OA: True)
2025-06-10 22:31:31,323 - WARNING - No license was found for DOI 10.1136/bcr-2013-008724 (OA: True)
2025-06-10 22:31:31,839 - WARNING - No license was found for DOI 10.1002/bjs.9302 (OA: True)
2025-06-10 22:31:32,324 - WARNING - No license was found for DOI 10.1136/gutjnl-2012-303461 (OA: True)
2025-06-10 22:31:40,048 - WARNING - No license was found for DOI 10.2741/s324 (OA: True)
2025-06-10 22:31:41,622 - WARNING - No license was found for DOI 10.1053/j.gastro.2011.02.016 (OA: True)
2025-06-10 22:31:43,181 - WARNING - No license was found for DOI 10.3238/arztebl.2009.0123 (OA: True)
2025-06-10 22:31:47,781 - WARNING - No license was found for DOI 10.1093/oxfordjournals.jncimonographs.a003435 (OA: True)
2025-06-10 22:31:48,799 - WARNING - No license was found for DOI 10.1080/15548627.2017.1389358 (OA: True)
2025-06-10 22:31:48,901 - WARNING - DOI not provided.
2025-06-10 22:31:49,808 - WARNING - No license was found for DOI 10.3748/wjg.v19.i25.3931 (OA: True)
2025-06-10 22:31:51,313 - WARNING - No license was found for DOI 10.1007/s00535-012-0673-1 (OA: True)
2025-06-10 22:31:58,420 - WARNING - No license was found for DOI 10.1016/S1873-9946(12)60504-2 (OA: True)
2025-06-10 22:31:59,039 - WARNING - DOI not provided.
2025-06-10 22:32:09,144 - WARNING - No license was found for DOI 10.1002/stem.5530110825 (OA: True)
2025-06-10 22:32:12,361 - WARNING - DOI not provided.
2025-06-10 22:32:12,364 - WARNING - DOI not provided.
2025-06-10 22:32:13,800 - WARNING - No license was found for DOI 10.1007/s10620-021-07200-1 (OA: True)
2025-06-10 22:32:14,866 - WARNING - No license was found for DOI 10.9738/INTSURG-D-13-00160.1 (OA: True)
2025-06-10 22:32:18,921 - WARNING - No license was found for DOI 10.1136/pmj.76.895.273 (OA: True)
2025-06-10 22:32:19,944 - WARNING - No license was found for DOI 10.1007/s00535-009-0191-y (OA: True)
2025-06-10 22:32:20,943 - WARNING - No license was found for DOI 10.1586/17474124.2015.975208 (OA: True)
2025-06-10 22:32:21,947 - WARNING - No license was found for DOI 10.1111/apt.13445 (OA: True)
2025-06-10 22:32:24,517 - WARNING - No license was found for DOI 10.1507/endocrj.ej11-0219 (OA: True)
2025-06-10 22:32:26,533 - WARNING - No license was found for DOI 10.1097/MIB.0b013e31829936a4 (OA: True)
2025-06-10 22:32:28,086 - WARNING - No license was found for DOI 10.1097/MIB.0000000000000607 (OA: True)
2025-06-10 22:32:28,700 - WARNING - DOI not provided.
2025-06-10 22:32:29,615 - WARNING - No license was found for DOI 10.1189/jlb.0410226 (OA: True)
2025-06-10 22:32:34,898 - WARNING - No license was found for DOI 10.1046/j.1365-2036.2002.01242.x (OA: True)
2025-06-10 22:32:35,515 - INFO - Processed 200 articles successfully.
2025-06-10 22:37:21,613 - INFO - Running PubMed search...
2025-06-10 22:37:23,092 - INFO - Found 200 PMIDs: ['33160400', '33399844', '38054591', '29246562', '38574740', '33475057', '32203403', '21524318', '34689057', '37455149', '35553666', '37274062', '38177426', '37266801', '32185530', '37378711', '39891014', '27979414', '31986085', '34748774', '35944832', '37505446', '9416001', '7532057', '33612289', '33262481', '7950912', '37724596', '31161823', '3126028', '38232478', '36152897', '32416212', '39126102', '38720886', '28630024', '39907869', '26826523', '28597827', '38475672', '29920595', '24481050', '38627168', '34214847', '21564424', '28429201', '12739326', '27548692', '38928032', '24696600', '30111884', '32022251', '33940443', '38217849', '23740659', '24840000', '26588089', '38346385', '27312790', '34624437', '38732588', '38106420', '8255623', '28339136', '32530750', '33899777', '39249143', '8732306', '25760898', '23576654', '24264775', '22942239', '29453848', '32164696', '40061590', '30024302', '35945034', '24041379', '33370548', '33179617', '31448080', '27493449', '35553661', '25807184', '39772947', '33905214', '22202115', '37598662', '22236434', '21530742', '38296115', '22375527', '19568370', '38324177', '8899105', '29429045', '39743022', '9917860', '39521604', '25917632', '21237515', '11694562', '33150989', '29130415', '1292471', '33723700', '23840137', '33394234', '20540703', '23090001', '33426097', '27914457', '22115827', '8111307', '35427495', '31628665', '22017698', '25110409', '28420941', '17007011', '15980273', '36967304', '22215058', '22463931', '33155879', '11890354', '35830035', '23965717', '31327400', '24246982', '38341192', '37686309', '26209885', '38308773', '26229413', '37010030', '31278016', '26521776', '9682668', '19647472', '12570822', '32124197', '32765502', '37457731', '25838639', '8401258', '27334537', '31327402', '36976735', '1935537', '15667551', '27417569', '23114581', '23873428', '21175228', '36794974', '34379220', '33919747', '25594638', '23139600', '20100080', '25958300', '1307488', '16441465', '37219801', '38491943', '10775279', '36515348', '20076977', '21128900', '25366845', '27895418', '26515897', '34905282', '10483899', '29903546', '10453341', '21931225', '32056142', '29018026', '16985094', '23945182', '23749336', '25595916', '26457380', '25710546', '8809240', '34704127', '20610798', '38569774', '32078699', '9785361', '19707151', '25713992', '1535352', '8765427', '24394691', '30166855', '11966492', '17464554']
2025-06-10 22:37:28,421 - WARNING - No license was found for DOI 10.1001/jama.2020.18936 (OA: True)
2025-06-10 22:37:31,074 - WARNING - DOI not provided.
2025-06-10 22:37:35,031 - WARNING - No license was found for DOI 10.1007/s10620-023-08014-z (OA: True)
2025-06-10 22:37:41,160 - WARNING - No license was found for DOI 10.1093/cei/uxad108 (OA: True)
2025-06-10 22:37:46,785 - WARNING - No license was found for DOI 10.3238/arztebl.2017.0331 (OA: True)
2025-06-10 22:37:48,330 - WARNING - No license was found for DOI 10.1097/01.MIB.0000442014.52661.20 (OA: True)
2025-06-10 22:37:49,866 - WARNING - No license was found for DOI 10.1111/j.1601-0825.2011.01811.x (OA: True)
2025-06-10 22:37:55,951 - WARNING - No license was found for DOI 10.1097/MIB.0000000000000598 (OA: True)
2025-06-10 22:37:59,577 - WARNING - No license was found for DOI 10.1111/pai.12715 (OA: True)
2025-06-10 22:38:02,662 - WARNING - No license was found for DOI 10.1136/bcr-2013-008724 (OA: True)
2025-06-10 22:38:03,190 - WARNING - No license was found for DOI 10.1002/bjs.9302 (OA: True)
2025-06-10 22:38:03,684 - WARNING - No license was found for DOI 10.1136/gutjnl-2012-303461 (OA: True)
2025-06-10 22:38:11,336 - WARNING - No license was found for DOI 10.2741/s324 (OA: True)
2025-06-10 22:38:12,924 - WARNING - No license was found for DOI 10.1053/j.gastro.2011.02.016 (OA: True)
2025-06-10 22:38:14,473 - WARNING - No license was found for DOI 10.3238/arztebl.2009.0123 (OA: True)
2025-06-10 22:38:18,992 - WARNING - No license was found for DOI 10.1093/oxfordjournals.jncimonographs.a003435 (OA: True)
2025-06-10 22:38:19,978 - WARNING - No license was found for DOI 10.1080/15548627.2017.1389358 (OA: True)
2025-06-10 22:38:20,082 - WARNING - DOI not provided.
2025-06-10 22:38:20,977 - WARNING - No license was found for DOI 10.3748/wjg.v19.i25.3931 (OA: True)
2025-06-10 22:38:22,477 - WARNING - No license was found for DOI 10.1007/s00535-012-0673-1 (OA: True)
2025-06-10 22:38:29,588 - WARNING - No license was found for DOI 10.1016/S1873-9946(12)60504-2 (OA: True)
2025-06-10 22:38:30,176 - WARNING - DOI not provided.
2025-06-10 22:38:40,047 - WARNING - No license was found for DOI 10.1002/stem.5530110825 (OA: True)
2025-06-10 22:38:43,166 - WARNING - DOI not provided.
2025-06-10 22:38:43,166 - WARNING - DOI not provided.
2025-06-10 22:38:44,589 - WARNING - No license was found for DOI 10.1007/s10620-021-07200-1 (OA: True)
2025-06-10 22:38:45,608 - WARNING - No license was found for DOI 10.9738/INTSURG-D-13-00160.1 (OA: True)
2025-06-10 22:38:49,657 - WARNING - No license was found for DOI 10.1136/pmj.76.895.273 (OA: True)
2025-06-10 22:38:50,664 - WARNING - No license was found for DOI 10.1007/s00535-009-0191-y (OA: True)
2025-06-10 22:38:51,676 - WARNING - No license was found for DOI 10.1586/17474124.2015.975208 (OA: True)
2025-06-10 22:38:52,679 - WARNING - No license was found for DOI 10.1111/apt.13445 (OA: True)
2025-06-10 22:38:55,213 - WARNING - No license was found for DOI 10.1507/endocrj.ej11-0219 (OA: True)
2025-06-10 22:38:57,225 - WARNING - No license was found for DOI 10.1097/MIB.0b013e31829936a4 (OA: True)
2025-06-10 22:38:58,741 - WARNING - No license was found for DOI 10.1097/MIB.0000000000000607 (OA: True)
2025-06-10 22:38:59,321 - WARNING - DOI not provided.
2025-06-10 22:39:00,200 - WARNING - No license was found for DOI 10.1189/jlb.0410226 (OA: True)
2025-06-10 22:39:05,220 - WARNING - No license was found for DOI 10.1046/j.1365-2036.2002.01242.x (OA: True)
2025-06-10 22:39:05,821 - INFO - Processed 200 articles successfully.
2025-06-10 23:45:54,475 - INFO - Running PubMed search…
2025-06-10 23:45:56,571 - INFO - Found 200 PMIDs
2025-06-10 23:46:00,524 - WARNING - No licence found for DOI 10.1001/jama.2020.18936
2025-06-10 23:46:03,527 - WARNING - No licence found for DOI 10.1016/j.cgh.2022.06.030
2025-06-10 23:46:04,127 - WARNING - DOI not provided.
2025-06-10 23:46:04,127 - ERROR - Parsing error on PMID 21524318: 'NoneType' object has no attribute 'lower'
2025-06-10 23:46:04,997 - WARNING - No licence found for DOI 10.1016/j.cgh.2022.11.026
2025-06-10 23:46:07,973 - WARNING - No licence found for DOI 10.1007/s10620-023-08014-z
2025-06-10 23:46:11,504 - WARNING - No licence found for DOI 10.1093/ibd/izad149
2025-06-10 23:46:12,122 - INFO - Skip PMID 37505446 due to licence cc-by-nc
2025-06-10 23:46:14,993 - WARNING - No licence found for DOI 10.1093/cei/uxad108
2025-06-10 23:46:20,519 - WARNING - No licence found for DOI 10.3238/arztebl.2017.0331
2025-06-10 23:46:22,460 - WARNING - No licence found for DOI 10.1097/01.MIB.0000442014.52661.20
2025-06-10 23:46:23,965 - WARNING - No licence found for DOI 10.1111/j.1601-0825.2011.01811.x
2025-06-10 23:46:24,968 - WARNING - No licence found for DOI 10.1177/2047487318792952
2025-06-10 23:46:27,067 - INFO - Skip PMID 24696600 due to licence cc-by-nc
2025-06-10 23:46:36,496 - WARNING - No licence found for DOI 10.1136/bcr-2013-008724
2025-06-10 23:46:36,981 - WARNING - No licence found for DOI 10.1002/bjs.9302
2025-06-10 23:46:37,483 - WARNING - No licence found for DOI 10.1136/gutjnl-2012-303461
2025-06-10 23:46:40,499 - INFO - Skip PMID 35945034 due to licence cc-by-nc
2025-06-10 23:46:40,881 - WARNING - No licence found for DOI 10.1111/apt.12478
2025-06-10 23:46:43,953 - WARNING - No licence found for DOI 10.1007/s10620-023-07837-0
2025-06-10 23:46:45,132 - INFO - Skip PMID 37300511 due to licence cc-by-nc
2025-06-10 23:46:46,921 - WARNING - No licence found for DOI 10.2741/s324
2025-06-10 23:46:47,421 - WARNING - No licence found for DOI 10.1111/apt.14852
2025-06-10 23:46:49,417 - WARNING - No licence found for DOI 10.1053/j.gastro.2011.02.016
2025-06-10 23:46:52,377 - WARNING - No licence found for DOI 10.3238/arztebl.2009.0123
2025-06-10 23:46:57,423 - WARNING - No licence found for DOI 10.1093/oxfordjournals.jncimonographs.a003435
2025-06-10 23:46:58,395 - WARNING - No licence found for DOI 10.1080/15548627.2017.1389358
2025-06-10 23:46:59,533 - WARNING - DOI not provided.
2025-06-10 23:46:59,533 - ERROR - Parsing error on PMID 1292471: 'NoneType' object has no attribute 'lower'
2025-06-10 23:47:00,409 - WARNING - No licence found for DOI 10.3748/wjg.v19.i25.3931
2025-06-10 23:47:01,024 - INFO - Skip PMID 38453206 due to licence cc-by-nc
2025-06-10 23:47:05,972 - INFO - Skip PMID 17007011 due to licence cc-by-nc
2025-06-10 23:47:09,058 - WARNING - DOI not provided.
2025-06-10 23:47:09,058 - ERROR - Parsing error on PMID 11890354: 'NoneType' object has no attribute 'lower'
2025-06-10 23:47:09,539 - INFO - Skip PMID 35830035 due to licence cc-by-nc
2025-06-10 23:47:12,018 - INFO - Skip PMID 38341192 due to licence cc-by-nc
2025-06-10 23:47:12,413 - WARNING - No licence found for DOI 10.1097/MCG.0b013e318247c32f
2025-06-10 23:47:14,527 - INFO - Skip PMID 26229413 due to licence cc-by-nc
2025-06-10 23:47:15,042 - INFO - Skip PMID 27417569 due to licence cc-by-nc
2025-06-10 23:47:15,541 - WARNING - DOI not provided.
2025-06-10 23:47:15,541 - ERROR - Parsing error on PMID 35379111: 'NoneType' object has no attribute 'lower'
2025-06-10 23:47:21,466 - WARNING - No licence found for DOI 10.1002/stem.5530110825
2025-06-10 23:47:25,096 - WARNING - DOI not provided.
2025-06-10 23:47:25,096 - ERROR - Parsing error on PMID 23114581: 'NoneType' object has no attribute 'lower'
2025-06-10 23:47:25,096 - WARNING - DOI not provided.
2025-06-10 23:47:25,096 - ERROR - Parsing error on PMID 23873428: 'NoneType' object has no attribute 'lower'
2025-06-10 23:47:26,487 - WARNING - No licence found for DOI 10.1007/s10620-021-07200-1
2025-06-10 23:47:28,504 - WARNING - No licence found for DOI 10.9738/INTSURG-D-13-00160.1
2025-06-10 23:47:29,014 - WARNING - No licence found for DOI 10.1111/apt.13511
2025-06-10 23:47:29,975 - WARNING - No licence found for DOI 10.14309/ajg.0000000000002215
2025-06-10 23:47:31,072 - INFO - Skip PMID 23139600 due to licence cc-by-nc
2025-06-10 23:47:34,078 - INFO - Skip PMID 37219801 due to licence cc-by-nc
2025-06-10 23:47:34,979 - WARNING - No licence found for DOI 10.1136/pmj.76.895.273
2025-06-10 23:47:36,580 - INFO - Skip PMID 36515348 due to licence cc-by-nc
2025-06-10 23:47:37,030 - WARNING - No licence found for DOI 10.1007/s00535-009-0191-y
2025-06-10 23:47:37,654 - INFO - Processed 181 records; writing CSV
2025-06-11 00:01:47,276 - INFO - Running PubMed search…
2025-06-11 00:01:48,801 - INFO - Found 200 PMIDs
2025-06-11 00:01:52,264 - WARNING - No licence found for DOI 10.1001/jama.2020.18936
2025-06-11 00:01:54,753 - WARNING - No licence found for DOI 10.1016/j.cgh.2022.06.030
2025-06-11 00:01:55,349 - WARNING - DOI not provided.
2025-06-11 00:01:55,349 - ERROR - Parsing error on PMID 21524318: 'NoneType' object has no attribute 'lower'
2025-06-11 00:01:56,323 - WARNING - No licence found for DOI 10.1016/j.cgh.2022.11.026
2025-06-11 00:01:59,332 - WARNING - No licence found for DOI 10.1007/s10620-023-08014-z
2025-06-11 00:02:02,956 - WARNING - No licence found for DOI 10.1093/ibd/izad149
2025-06-11 00:02:03,566 - INFO - Skip PMID 37505446 due to licence cc-by-nc
2025-06-11 00:02:06,407 - WARNING - No licence found for DOI 10.1093/cei/uxad108
2025-06-11 00:02:11,982 - WARNING - No licence found for DOI 10.3238/arztebl.2017.0331
2025-06-11 00:02:13,980 - WARNING - No licence found for DOI 10.1097/01.MIB.0000442014.52661.20
2025-06-11 00:02:15,516 - WARNING - No licence found for DOI 10.1111/j.1601-0825.2011.01811.x
2025-06-11 00:02:16,521 - WARNING - No licence found for DOI 10.1177/2047487318792952
2025-06-11 00:02:18,641 - INFO - Skip PMID 24696600 due to licence cc-by-nc
2025-06-11 00:02:28,073 - WARNING - No licence found for DOI 10.1136/bcr-2013-008724
2025-06-11 00:02:28,581 - WARNING - No licence found for DOI 10.1002/bjs.9302
2025-06-11 00:02:29,091 - WARNING - No licence found for DOI 10.1136/gutjnl-2012-303461
2025-06-11 00:02:31,718 - INFO - Skip PMID 35945034 due to licence cc-by-nc
2025-06-11 00:02:32,116 - WARNING - No licence found for DOI 10.1111/apt.12478
2025-06-11 00:02:35,128 - WARNING - No licence found for DOI 10.1007/s10620-023-07837-0
2025-06-11 00:02:36,245 - INFO - Skip PMID 37300511 due to licence cc-by-nc
2025-06-11 00:02:37,623 - WARNING - No licence found for DOI 10.2741/s324
2025-06-11 00:02:38,137 - WARNING - No licence found for DOI 10.1111/apt.14852
2025-06-11 00:02:40,142 - WARNING - No licence found for DOI 10.1053/j.gastro.2011.02.016
2025-06-11 00:02:43,171 - WARNING - No licence found for DOI 10.3238/arztebl.2009.0123
2025-06-11 00:02:48,155 - WARNING - No licence found for DOI 10.1093/oxfordjournals.jncimonographs.a003435
2025-06-11 00:02:49,192 - WARNING - No licence found for DOI 10.1080/15548627.2017.1389358
2025-06-11 00:02:50,268 - WARNING - DOI not provided.
2025-06-11 00:02:50,268 - ERROR - Parsing error on PMID 1292471: 'NoneType' object has no attribute 'lower'
2025-06-11 00:02:51,171 - WARNING - No licence found for DOI 10.3748/wjg.v19.i25.3931
2025-06-11 00:02:51,789 - INFO - Skip PMID 38453206 due to licence cc-by-nc
2025-06-11 00:02:56,913 - INFO - Skip PMID 17007011 due to licence cc-by-nc
2025-06-11 00:03:03,213 - WARNING - DOI not provided.
2025-06-11 00:03:03,213 - ERROR - Parsing error on PMID 11890354: 'NoneType' object has no attribute 'lower'
2025-06-11 00:03:03,717 - INFO - Skip PMID 35830035 due to licence cc-by-nc
2025-06-11 00:03:06,211 - INFO - Skip PMID 38341192 due to licence cc-by-nc
2025-06-11 00:03:06,607 - WARNING - No licence found for DOI 10.1097/MCG.0b013e318247c32f
2025-06-11 00:03:08,745 - INFO - Skip PMID 26229413 due to licence cc-by-nc
2025-06-11 00:03:09,247 - INFO - Skip PMID 27417569 due to licence cc-by-nc
2025-06-11 00:03:09,750 - WARNING - DOI not provided.
2025-06-11 00:03:09,750 - ERROR - Parsing error on PMID 35379111: 'NoneType' object has no attribute 'lower'
2025-06-11 00:03:15,583 - WARNING - No licence found for DOI 10.1002/stem.5530110825
2025-06-11 00:03:19,158 - WARNING - DOI not provided.
2025-06-11 00:03:19,158 - ERROR - Parsing error on PMID 23114581: 'NoneType' object has no attribute 'lower'
2025-06-11 00:03:19,158 - WARNING - DOI not provided.
2025-06-11 00:03:19,158 - ERROR - Parsing error on PMID 23873428: 'NoneType' object has no attribute 'lower'
2025-06-11 00:03:20,555 - WARNING - No licence found for DOI 10.1007/s10620-021-07200-1
2025-06-11 00:03:22,563 - WARNING - No licence found for DOI 10.9738/INTSURG-D-13-00160.1
2025-06-11 00:03:23,063 - WARNING - No licence found for DOI 10.1111/apt.13511
2025-06-11 00:03:24,068 - WARNING - No licence found for DOI 10.14309/ajg.0000000000002215
2025-06-11 00:03:25,145 - INFO - Skip PMID 23139600 due to licence cc-by-nc
2025-06-11 00:03:28,145 - INFO - Skip PMID 37219801 due to licence cc-by-nc
2025-06-11 00:03:29,030 - WARNING - No licence found for DOI 10.1136/pmj.76.895.273
2025-06-11 00:03:30,637 - INFO - Skip PMID 36515348 due to licence cc-by-nc
2025-06-11 00:03:31,020 - WARNING - No licence found for DOI 10.1007/s00535-009-0191-y
2025-06-11 00:03:31,626 - INFO - Processed 181 records; writing CSV
